#
# There is insufficient memory for the Java Runtime Environment to continue.
# Native memory allocation (malloc) failed to allocate 1048576 bytes. Error detail: AllocateHeap
# Possible reasons:
#   The system is out of physical RAM or swap space
#   This process is running with CompressedOops enabled, and the Java Heap may be blocking the growth of the native heap
# Possible solutions:
#   Reduce memory load on the system
#   Increase physical memory or swap space
#   Check if swap backing store is full
#   Decrease Java heap size (-Xmx/-Xms)
#   Decrease number of Java threads
#   Decrease Java thread stack sizes (-Xss)
#   Set larger code cache with -XX:ReservedCodeCacheSize=
#   JVM is running with Unscaled Compressed Oops mode in which the Java heap is
#     placed in the first 4GB address space. The Java Heap base address is the
#     maximum limit for the native heap growth. Please use -XX:HeapBaseMinAddress
#     to set the Java Heap base and to place the Java Heap above 4GB virtual address.
# This output file may be truncated or incomplete.
#
#  Out of Memory Error (allocation.cpp:44), pid=36508, tid=25696
#
# JRE version: OpenJDK Runtime Environment Temurin-21.0.9+10 (21.0.9+10) (build 21.0.9+10-LTS)
# Java VM: OpenJDK 64-Bit Server VM Temurin-21.0.9+10 (21.0.9+10-LTS, mixed mode, sharing, tiered, compressed oops, compressed class ptrs, parallel gc, windows-amd64)
# No core dump will be written. Minidumps are not enabled by default on client versions of Windows
#

---------------  S U M M A R Y ------------

Command Line: --add-modules=ALL-SYSTEM --add-opens=java.base/java.util=ALL-UNNAMED --add-opens=java.base/java.lang=ALL-UNNAMED --add-opens=java.base/sun.nio.fs=ALL-UNNAMED -Declipse.application=org.eclipse.jdt.ls.core.id1 -Dosgi.bundles.defaultStartLevel=4 -Declipse.product=org.eclipse.jdt.ls.core.product -Djava.import.generatesMetadataFilesAtProjectRoot=false -DDetectVMInstallationsJob.disabled=true -Dfile.encoding=utf8 -XX:+UseParallelGC -XX:GCTimeRatio=4 -XX:AdaptiveSizePolicyWeight=90 -Dsun.zip.disableMemoryMapping=true -Xmx2G -Xms100m -Xlog:disable -javaagent:c:\Users\AEVAWEB\.vscode\extensions\redhat.java-1.52.0-win32-x64\lombok\lombok-1.18.39-4050.jar -XX:+HeapDumpOnOutOfMemoryError -XX:HeapDumpPath=c:\Users\AEVAWEB\AppData\Roaming\Code\User\workspaceStorage\f78550a7589d67632189bead6bb94e76\redhat.java -Daether.dependencyCollector.impl=bf c:\Users\AEVAWEB\.vscode\extensions\redhat.java-1.52.0-win32-x64\server\plugins\org.eclipse.equinox.launcher_1.7.100.v20251111-0406.jar -configuration c:\Users\AEVAWEB\AppData\Roaming\Code\User\globalStorage\redhat.java\1.52.0\config_win -data c:\Users\AEVAWEB\AppData\Roaming\Code\User\workspaceStorage\f78550a7589d67632189bead6bb94e76\redhat.java\jdt_ws --pipe=\\.\pipe\lsp-227711a0e0422cd20604d0fa6411e87a-sock

Host: Intel(R) Core(TM) i7-8665U CPU @ 1.90GHz, 8 cores, 15G,  Windows 11 , 64 bit Build 22621 (10.0.22621.5415)
Time: Fri Feb 13 12:17:57 2026 elapsed time: 157094.485757 seconds (1d 19h 38m 14s)

---------------  T H R E A D  ---------------

Current thread (0x000002e859dc63f0):  JavaThread "Attach Listener" daemon [_thread_in_vm, id=25696, stack(0x000000f61aa00000,0x000000f61ab00000) (1024K)]

Stack: [0x000000f61aa00000,0x000000f61ab00000]
Native frames: (J=compiled Java code, j=interpreted, Vv=VM code, C=native code)
V  [jvm.dll+0x6d6e29]
V  [jvm.dll+0x8b4b76]
V  [jvm.dll+0x8b712e]
V  [jvm.dll+0x8b7813]
V  [jvm.dll+0x283d86]
V  [jvm.dll+0xc1277]
V  [jvm.dll+0x6d76d9]
V  [jvm.dll+0x133466]
V  [jvm.dll+0x3f7ea6]
V  [jvm.dll+0x85e9ad]
V  [jvm.dll+0x6d565d]
C  [ucrtbase.dll+0x29333]
C  [KERNEL32.DLL+0x1259d]
C  [ntdll.dll+0x5af78]


---------------  P R O C E S S  ---------------

Threads class SMR info:
_java_thread_list=0x000002e8a1bf79f0, length=43, elements={
0x000002e8410c8410, 0x000002e84340bdc0, 0x000002e84340d420, 0x000002e859dc5490,
0x000002e859dc63f0, 0x000002e859dc8750, 0x000002e859dc9c20, 0x000002e859dca850,
0x000002e859dd2f50, 0x000002e89c939ea0, 0x000002e89ca806a0, 0x000002e8a17b37a0,
0x000002e8a1a2e100, 0x000002e89ca24f00, 0x000002e8a1461610, 0x000002e8a1c311c0,
0x000002e8a16d4180, 0x000002e8a13b3090, 0x000002e8a1e5df00, 0x000002e8a1e5e590,
0x000002e8a3c8c8d0, 0x000002e8a3c8a170, 0x000002e8a3c8d5f0, 0x000002e8a3c8dc80,
0x000002e8a3c88dc0, 0x000002e8a3c8e310, 0x000002e8a3c8e9a0, 0x000002e8a3c8a800,
0x000002e8a3c88730, 0x000002e8a3c8ae90, 0x000002e8a3c89450, 0x000002e8a3c8b520,
0x000002e8a4564f40, 0x000002e8a4563500, 0x000002e8a45676a0, 0x000002e8a45655d0,
0x000002e8a45662f0, 0x000002e8a456ab20, 0x000002e8a45683c0, 0x000002e8a4568a50,
0x000002e8a1e5f940, 0x000002e8a2d65220, 0x000002e8a2d665d0
}

Java Threads: ( => current thread )
  0x000002e8410c8410 JavaThread "main"                              [_thread_blocked, id=32932, stack(0x000000f61a300000,0x000000f61a400000) (1024K)]
  0x000002e84340bdc0 JavaThread "Reference Handler"          daemon [_thread_blocked, id=9564, stack(0x000000f61a700000,0x000000f61a800000) (1024K)]
  0x000002e84340d420 JavaThread "Finalizer"                  daemon [_thread_blocked, id=17484, stack(0x000000f61a800000,0x000000f61a900000) (1024K)]
  0x000002e859dc5490 JavaThread "Signal Dispatcher"          daemon [_thread_blocked, id=14772, stack(0x000000f61a900000,0x000000f61aa00000) (1024K)]
=>0x000002e859dc63f0 JavaThread "Attach Listener"            daemon [_thread_in_vm, id=25696, stack(0x000000f61aa00000,0x000000f61ab00000) (1024K)]
  0x000002e859dc8750 JavaThread "Service Thread"             daemon [_thread_blocked, id=33324, stack(0x000000f61ab00000,0x000000f61ac00000) (1024K)]
  0x000002e859dc9c20 JavaThread "Monitor Deflation Thread"   daemon [_thread_blocked, id=12520, stack(0x000000f61ac00000,0x000000f61ad00000) (1024K)]
  0x000002e859dca850 JavaThread "C2 CompilerThread0"         daemon [_thread_blocked, id=59552, stack(0x000000f61ad00000,0x000000f61ae00000) (1024K)]
  0x000002e859dd2f50 JavaThread "C1 CompilerThread0"         daemon [_thread_blocked, id=19764, stack(0x000000f61ae00000,0x000000f61af00000) (1024K)]
  0x000002e89c939ea0 JavaThread "Common-Cleaner"             daemon [_thread_blocked, id=58540, stack(0x000000f61b000000,0x000000f61b100000) (1024K)]
  0x000002e89ca806a0 JavaThread "Notification Thread"        daemon [_thread_blocked, id=6188, stack(0x000000f61b100000,0x000000f61b200000) (1024K)]
  0x000002e8a17b37a0 JavaThread "Active Thread: Equinox Container: 0a6a0e5f-5d07-45e8-b9f4-b36a5faecf7b"        [_thread_blocked, id=20992, stack(0x000000f61b900000,0x000000f61ba00000) (1024K)]
  0x000002e8a1a2e100 JavaThread "Refresh Thread: Equinox Container: 0a6a0e5f-5d07-45e8-b9f4-b36a5faecf7b" daemon [_thread_blocked, id=45708, stack(0x000000f61b200000,0x000000f61b300000) (1024K)]
  0x000002e89ca24f00 JavaThread "Framework Event Dispatcher: Equinox Container: 0a6a0e5f-5d07-45e8-b9f4-b36a5faecf7b" daemon [_thread_blocked, id=18588, stack(0x000000f61ba00000,0x000000f61bb00000) (1024K)]
  0x000002e8a1461610 JavaThread "Start Level: Equinox Container: 0a6a0e5f-5d07-45e8-b9f4-b36a5faecf7b" daemon [_thread_blocked, id=48020, stack(0x000000f61bb00000,0x000000f61bc00000) (1024K)]
  0x000002e8a1c311c0 JavaThread "Bundle File Closer"         daemon [_thread_blocked, id=60000, stack(0x000000f61bd00000,0x000000f61be00000) (1024K)]
  0x000002e8a16d4180 JavaThread "SCR Component Actor"        daemon [_thread_blocked, id=1264, stack(0x000000f61bc00000,0x000000f61bd00000) (1024K)]
  0x000002e8a13b3090 JavaThread "Worker-JM"                         [_thread_blocked, id=10444, stack(0x000000f61bf00000,0x000000f61c000000) (1024K)]
  0x000002e8a1e5df00 JavaThread "JNA Cleaner"                daemon [_thread_blocked, id=23444, stack(0x000000f61a100000,0x000000f61a200000) (1024K)]
  0x000002e8a1e5e590 JavaThread "Java indexing"              daemon [_thread_blocked, id=30160, stack(0x000000f61c500000,0x000000f61c600000) (1024K)]
  0x000002e8a3c8c8d0 JavaThread "Thread-1"                   daemon [_thread_in_native, id=24116, stack(0x000000f61cd00000,0x000000f61ce00000) (1024K)]
  0x000002e8a3c8a170 JavaThread "Thread-2"                   daemon [_thread_in_native, id=41692, stack(0x000000f61ce00000,0x000000f61cf00000) (1024K)]
  0x000002e8a3c8d5f0 JavaThread "Thread-3"                   daemon [_thread_in_native, id=41396, stack(0x000000f61cf00000,0x000000f61d000000) (1024K)]
  0x000002e8a3c8dc80 JavaThread "Thread-4"                   daemon [_thread_in_native, id=16144, stack(0x000000f61d000000,0x000000f61d100000) (1024K)]
  0x000002e8a3c88dc0 JavaThread "Thread-5"                   daemon [_thread_in_native, id=28364, stack(0x000000f61d100000,0x000000f61d200000) (1024K)]
  0x000002e8a3c8e310 JavaThread "Thread-6"                   daemon [_thread_in_native, id=12296, stack(0x000000f61d200000,0x000000f61d300000) (1024K)]
  0x000002e8a3c8e9a0 JavaThread "Thread-7"                   daemon [_thread_in_native, id=52644, stack(0x000000f61d300000,0x000000f61d400000) (1024K)]
  0x000002e8a3c8a800 JavaThread "Thread-8"                   daemon [_thread_in_native, id=21392, stack(0x000000f61d400000,0x000000f61d500000) (1024K)]
  0x000002e8a3c88730 JavaThread "Thread-9"                   daemon [_thread_in_native, id=20516, stack(0x000000f61d500000,0x000000f61d600000) (1024K)]
  0x000002e8a3c8ae90 JavaThread "pool-2-thread-1"                   [_thread_blocked, id=21400, stack(0x000000f61d600000,0x000000f61d700000) (1024K)]
  0x000002e8a3c89450 JavaThread "WorkspaceEventsHandler"            [_thread_blocked, id=36136, stack(0x000000f61d700000,0x000000f61d800000) (1024K)]
  0x000002e8a3c8b520 JavaThread "pool-1-thread-1"                   [_thread_blocked, id=48488, stack(0x000000f61d800000,0x000000f61d900000) (1024K)]
  0x000002e8a4564f40 JavaThread "Timer-0"                           [_thread_blocked, id=45468, stack(0x000000f61be00000,0x000000f61bf00000) (1024K)]
  0x000002e8a4563500 JavaThread "Timer-1"                           [_thread_blocked, id=43236, stack(0x000000f61c000000,0x000000f61c100000) (1024K)]
  0x000002e8a45676a0 JavaThread "Timer-2"                           [_thread_blocked, id=11828, stack(0x000000f61dd00000,0x000000f61de00000) (1024K)]
  0x000002e8a45655d0 JavaThread "Timer-3"                           [_thread_blocked, id=40576, stack(0x000000f61e200000,0x000000f61e300000) (1024K)]
  0x000002e8a45662f0 JavaThread "Timer-4"                           [_thread_blocked, id=20488, stack(0x000000f61e300000,0x000000f61e400000) (1024K)]
  0x000002e8a456ab20 JavaThread "Timer-5"                           [_thread_blocked, id=57200, stack(0x000000f61da00000,0x000000f61db00000) (1024K)]
  0x000002e8a45683c0 JavaThread "Timer-6"                           [_thread_blocked, id=20416, stack(0x000000f61e100000,0x000000f61e200000) (1024K)]
  0x000002e8a4568a50 JavaThread "Timer-7"                           [_thread_blocked, id=6956, stack(0x000000f61e400000,0x000000f61e500000) (1024K)]
  0x000002e8a1e5f940 JavaThread "Cleaner-0"                  daemon [_thread_blocked, id=52796, stack(0x000000f61c300000,0x000000f61c400000) (1024K)]
  0x000002e8a2d65220 JavaThread "Worker-25"                         [_thread_blocked, id=46856, stack(0x000000f61c800000,0x000000f61c900000) (1024K)]
  0x000002e8a2d665d0 JavaThread "Worker-26"                         [_thread_blocked, id=4972, stack(0x000000f61c100000,0x000000f61c200000) (1024K)]
Total: 43

Other Threads:
  0x000002e8433f2a50 VMThread "VM Thread"                           [id=17500, stack(0x000000f61a600000,0x000000f61a700000) (1024K)]
  0x000002e8433c3b90 WatcherThread "VM Periodic Task Thread"        [id=45576, stack(0x000000f61a500000,0x000000f61a600000) (1024K)]
  0x000002e8433752b0 WorkerThread "GC Thread#0"                     [id=35952, stack(0x000000f61a400000,0x000000f61a500000) (1024K)]
  0x000002e8a1412f60 WorkerThread "GC Thread#1"                     [id=29180, stack(0x000000f61b300000,0x000000f61b400000) (1024K)]
  0x000002e8a142b9f0 WorkerThread "GC Thread#2"                     [id=57736, stack(0x000000f61b400000,0x000000f61b500000) (1024K)]
  0x000002e8a1413300 WorkerThread "GC Thread#3"                     [id=3212, stack(0x000000f61b500000,0x000000f61b600000) (1024K)]
  0x000002e8a14136a0 WorkerThread "GC Thread#4"                     [id=42588, stack(0x000000f61b600000,0x000000f61b700000) (1024K)]
  0x000002e89caaec10 WorkerThread "GC Thread#5"                     [id=26576, stack(0x000000f61b700000,0x000000f61b800000) (1024K)]
  0x000002e89caaefb0 WorkerThread "GC Thread#6"                     [id=252, stack(0x000000f61b800000,0x000000f61b900000) (1024K)]
  0x000002e8a1876ba0 WorkerThread "GC Thread#7"                     [id=29224, stack(0x000000f61af00000,0x000000f61b000000) (1024K)]
Total: 10

Threads with active compile tasks:
Total: 0

VM state: not at safepoint (normal execution)

VM Mutex/Monitor currently owned by a thread: None

Heap address: 0x0000000080000000, size: 2048 MB, Compressed Oops mode: 32-bit

CDS archive(s) mapped at: [0x000002e85a000000-0x000002e85aba0000-0x000002e85aba0000), size 12189696, SharedBaseAddress: 0x000002e85a000000, ArchiveRelocationMode: 1.
Compressed class space mapped at: 0x000002e85b000000-0x000002e89b000000, reserved size: 1073741824
Narrow klass base: 0x000002e85a000000, Narrow klass shift: 0, Narrow klass range: 0x100000000

GC Precious Log:
 CardTable entry size: 512
 CPUs: 8 total, 8 available
 Memory: 16194M
 Large Page Support: Disabled
 NUMA Support: Disabled
 Compressed Oops: Enabled (32-bit)
 Alignments: Space 512K, Generation 512K, Heap 2M
 Heap Min Capacity: 100M
 Heap Initial Capacity: 100M
 Heap Max Capacity: 2G
 Pre-touch: Disabled
 Parallel Workers: 8

Heap:
 PSYoungGen      total 4608K, used 3987K [0x00000000d5580000, 0x00000000d5b00000, 0x0000000100000000)
  eden space 4096K, 92% used [0x00000000d5580000,0x00000000d5934ca0,0x00000000d5980000)
  from space 512K, 37% used [0x00000000d5a80000,0x00000000d5ab0000,0x00000000d5b00000)
  to   space 512K, 0% used [0x00000000d5a00000,0x00000000d5a00000,0x00000000d5a80000)
 ParOldGen       total 513536K, used 513404K [0x0000000080000000, 0x000000009f580000, 0x00000000d5580000)
  object space 513536K, 99% used [0x0000000080000000,0x000000009f55f2e0,0x000000009f580000)
 Metaspace       used 100139K, committed 101888K, reserved 1179648K
  class space    used 11261K, committed 12160K, reserved 1048576K

Card table byte_map: [0x000002e842cf0000,0x000002e843100000] _byte_map_base: 0x000002e8428f0000

Marking Bits: (ParMarkBitMap*) 0x00007ff8689e2460
 Begin Bits: [0x000002e855800000, 0x000002e857800000)
 End Bits:   [0x000002e857800000, 0x000002e859800000)

Polling page: 0x000002e8411f0000

Metaspace:

Usage:
  Non-class:     86.79 MB used.
      Class:     11.00 MB used.
       Both:     97.79 MB used.

Virtual space:
  Non-class space:      128.00 MB reserved,      87.62 MB ( 68%) committed,  2 nodes.
      Class space:        1.00 GB reserved,      11.88 MB (  1%) committed,  1 nodes.
             Both:        1.12 GB reserved,      99.50 MB (  9%) committed. 

Chunk freelists:
   Non-Class:  7.88 MB
       Class:  4.32 MB
        Both:  12.20 MB

MaxMetaspaceSize: unlimited
CompressedClassSpaceSize: 1.00 GB
Initial GC threshold: 21.00 MB
Current GC threshold: 165.44 MB
CDS: on
 - commit_granule_bytes: 65536.
 - commit_granule_words: 8192.
 - virtual_space_node_default_size: 8388608.
 - enlarge_chunks_in_place: 1.
 - use_allocation_guard: 0.


Internal statistics:

num_allocs_failed_limit: 9.
num_arena_births: 2024.
num_arena_deaths: 712.
num_vsnodes_births: 3.
num_vsnodes_deaths: 0.
num_space_committed: 1592.
num_space_uncommitted: 0.
num_chunks_returned_to_freelist: 872.
num_chunks_taken_from_freelist: 7052.
num_chunk_merges: 272.
num_chunk_splits: 4136.
num_chunks_enlarged: 2382.
num_inconsistent_stats: 0.

CodeHeap 'non-profiled nmethods': size=120000Kb used=24189Kb max_used=27416Kb free=95810Kb
 bounds [0x000002e84e020000, 0x000002e84faf0000, 0x000002e855550000]
CodeHeap 'profiled nmethods': size=120000Kb used=32965Kb max_used=46718Kb free=87035Kb
 bounds [0x000002e846550000, 0x000002e8492f0000, 0x000002e84da80000]
CodeHeap 'non-nmethods': size=5760Kb used=1525Kb max_used=1767Kb free=4234Kb
 bounds [0x000002e84da80000, 0x000002e84dcf0000, 0x000002e84e020000]
CodeCache: size=245760Kb, used=58679Kb, max_used=75901Kb, free=187079Kb
 total_blobs=17069, nmethods=16226, adapters=744, full_count=0
Compilation: enabled, stopped_count=0, restarted_count=0

Compilation events (20 events):
Event: 155729.360 Thread 0x000002e859dca850 24742       4       org.eclipse.jdt.internal.core.index.DiskIndex::addQueryResults (739 bytes)
Event: 155729.396 Thread 0x000002e859dca850 nmethod 24742 0x000002e84f238990 code [0x000002e84f238c60, 0x000002e84f239ca0]
Event: 155729.681 Thread 0x000002e859dca850 24743       4       org.eclipse.jdt.internal.core.JavaModelManager::getIndexManager (7 bytes)
Event: 155729.683 Thread 0x000002e859dca850 nmethod 24743 0x000002e84e3b9c90 code [0x000002e84e3b9e20, 0x000002e84e3b9eb8]
Event: 155872.708 Thread 0x000002e859dca850 24744       4       org.eclipse.jdt.internal.codeassist.select.SelectionParser::consumeBlock (22 bytes)
Event: 155872.712 Thread 0x000002e859dca850 nmethod 24744 0x000002e84e244d90 code [0x000002e84e244f20, 0x000002e84e245000]
Event: 155872.712 Thread 0x000002e859dca850 24745       4       org.eclipse.jdt.internal.compiler.ast.TypeDeclaration::checkConstructors (170 bytes)
Event: 155872.714 Thread 0x000002e859dd2f50 24746       3       java.lang.invoke.MethodHandle$1::apply (9 bytes)
Event: 155872.717 Thread 0x000002e859dd2f50 nmethod 24746 0x000002e8469ec890 code [0x000002e8469eca60, 0x000002e8469ecd28]
Event: 155872.717 Thread 0x000002e859dd2f50 24747       3       java.lang.invoke.MethodHandle$1::apply (9 bytes)
Event: 155872.718 Thread 0x000002e859dd2f50 nmethod 24747 0x000002e846b55a90 code [0x000002e846b55c40, 0x000002e846b55da0]
Event: 155872.740 Thread 0x000002e859dca850 nmethod 24745 0x000002e84e12de90 code [0x000002e84e12e080, 0x000002e84e12e620]
Event: 156196.856 Thread 0x000002e859dd2f50 24748       3       java.lang.Thread::<init> (311 bytes)
Event: 156196.859 Thread 0x000002e859dca850 24751       4       org.eclipse.jdt.ls.core.internal.text.correction.CodeActionUtility::inferASTNode (60 bytes)
Event: 156196.862 Thread 0x000002e859dd2f50 nmethod 24748 0x000002e846de8390 code [0x000002e846de87a0, 0x000002e846dea6f0]
Event: 156196.862 Thread 0x000002e859dd2f50 24750       3       com.google.gson.internal.bind.JsonElementTypeAdapter::write (256 bytes)
Event: 156196.867 Thread 0x000002e859dca850 nmethod 24751 0x000002e84e3dbd90 code [0x000002e84e3dbf20, 0x000002e84e3dc0c8]
Event: 156196.883 Thread 0x000002e859dd2f50 nmethod 24750 0x000002e848b6e990 code [0x000002e848b6f020, 0x000002e848b72c58]
Event: 156196.887 Thread 0x000002e859dd2f50 24749       3       java.lang.Thread$FieldHolder::<init> (36 bytes)
Event: 156196.888 Thread 0x000002e859dd2f50 nmethod 24749 0x000002e847374490 code [0x000002e847374640, 0x000002e847374820]

GC Heap History (20 events):
Event: 156212.988 GC heap before
{Heap before GC invocations=6024 (full 6):
 PSYoungGen      total 4608K, used 4288K [0x00000000d5580000, 0x00000000d5b00000, 0x0000000100000000)
  eden space 4096K, 100% used [0x00000000d5580000,0x00000000d5980000,0x00000000d5980000)
  from space 512K, 37% used [0x00000000d5a80000,0x00000000d5ab0000,0x00000000d5b00000)
  to   space 512K, 0% used [0x00000000d5a00000,0x00000000d5a00000,0x00000000d5a80000)
 ParOldGen       total 513024K, used 512972K [0x0000000080000000, 0x000000009f500000, 0x00000000d5580000)
  object space 513024K, 99% used [0x0000000080000000,0x000000009f4f32e0,0x000000009f500000)
 Metaspace       used 100139K, committed 101888K, reserved 1179648K
  class space    used 11261K, committed 12160K, reserved 1048576K
}
Event: 156212.990 GC heap after
{Heap after GC invocations=6024 (full 6):
 PSYoungGen      total 4608K, used 256K [0x00000000d5580000, 0x00000000d5b00000, 0x0000000100000000)
  eden space 4096K, 0% used [0x00000000d5580000,0x00000000d5580000,0x00000000d5980000)
  from space 512K, 50% used [0x00000000d5a00000,0x00000000d5a40000,0x00000000d5a80000)
  to   space 512K, 0% used [0x00000000d5a80000,0x00000000d5a80000,0x00000000d5b00000)
 ParOldGen       total 513536K, used 513028K [0x0000000080000000, 0x000000009f580000, 0x00000000d5580000)
  object space 513536K, 99% used [0x0000000080000000,0x000000009f5012e0,0x000000009f580000)
 Metaspace       used 100139K, committed 101888K, reserved 1179648K
  class space    used 11261K, committed 12160K, reserved 1048576K
}
Event: 156213.012 GC heap before
{Heap before GC invocations=6025 (full 6):
 PSYoungGen      total 4608K, used 4352K [0x00000000d5580000, 0x00000000d5b00000, 0x0000000100000000)
  eden space 4096K, 100% used [0x00000000d5580000,0x00000000d5980000,0x00000000d5980000)
  from space 512K, 50% used [0x00000000d5a00000,0x00000000d5a40000,0x00000000d5a80000)
  to   space 512K, 0% used [0x00000000d5a80000,0x00000000d5a80000,0x00000000d5b00000)
 ParOldGen       total 513536K, used 513028K [0x0000000080000000, 0x000000009f580000, 0x00000000d5580000)
  object space 513536K, 99% used [0x0000000080000000,0x000000009f5012e0,0x000000009f580000)
 Metaspace       used 100139K, committed 101888K, reserved 1179648K
  class space    used 11261K, committed 12160K, reserved 1048576K
}
Event: 156213.014 GC heap after
{Heap after GC invocations=6025 (full 6):
 PSYoungGen      total 4608K, used 224K [0x00000000d5580000, 0x00000000d5b00000, 0x0000000100000000)
  eden space 4096K, 0% used [0x00000000d5580000,0x00000000d5580000,0x00000000d5980000)
  from space 512K, 43% used [0x00000000d5a80000,0x00000000d5ab8000,0x00000000d5b00000)
  to   space 512K, 0% used [0x00000000d5a00000,0x00000000d5a00000,0x00000000d5a80000)
 ParOldGen       total 513536K, used 513068K [0x0000000080000000, 0x000000009f580000, 0x00000000d5580000)
  object space 513536K, 99% used [0x0000000080000000,0x000000009f50b2e0,0x000000009f580000)
 Metaspace       used 100139K, committed 101888K, reserved 1179648K
  class space    used 11261K, committed 12160K, reserved 1048576K
}
Event: 156213.038 GC heap before
{Heap before GC invocations=6026 (full 6):
 PSYoungGen      total 4608K, used 4320K [0x00000000d5580000, 0x00000000d5b00000, 0x0000000100000000)
  eden space 4096K, 100% used [0x00000000d5580000,0x00000000d5980000,0x00000000d5980000)
  from space 512K, 43% used [0x00000000d5a80000,0x00000000d5ab8000,0x00000000d5b00000)
  to   space 512K, 0% used [0x00000000d5a00000,0x00000000d5a00000,0x00000000d5a80000)
 ParOldGen       total 513536K, used 513068K [0x0000000080000000, 0x000000009f580000, 0x00000000d5580000)
  object space 513536K, 99% used [0x0000000080000000,0x000000009f50b2e0,0x000000009f580000)
 Metaspace       used 100139K, committed 101888K, reserved 1179648K
  class space    used 11261K, committed 12160K, reserved 1048576K
}
Event: 156213.041 GC heap after
{Heap after GC invocations=6026 (full 6):
 PSYoungGen      total 4608K, used 192K [0x00000000d5580000, 0x00000000d5b00000, 0x0000000100000000)
  eden space 4096K, 0% used [0x00000000d5580000,0x00000000d5580000,0x00000000d5980000)
  from space 512K, 37% used [0x00000000d5a00000,0x00000000d5a30000,0x00000000d5a80000)
  to   space 512K, 0% used [0x00000000d5a80000,0x00000000d5a80000,0x00000000d5b00000)
 ParOldGen       total 513536K, used 513108K [0x0000000080000000, 0x000000009f580000, 0x00000000d5580000)
  object space 513536K, 99% used [0x0000000080000000,0x000000009f5152e0,0x000000009f580000)
 Metaspace       used 100139K, committed 101888K, reserved 1179648K
  class space    used 11261K, committed 12160K, reserved 1048576K
}
Event: 156213.066 GC heap before
{Heap before GC invocations=6027 (full 6):
 PSYoungGen      total 4608K, used 4288K [0x00000000d5580000, 0x00000000d5b00000, 0x0000000100000000)
  eden space 4096K, 100% used [0x00000000d5580000,0x00000000d5980000,0x00000000d5980000)
  from space 512K, 37% used [0x00000000d5a00000,0x00000000d5a30000,0x00000000d5a80000)
  to   space 512K, 0% used [0x00000000d5a80000,0x00000000d5a80000,0x00000000d5b00000)
 ParOldGen       total 513536K, used 513108K [0x0000000080000000, 0x000000009f580000, 0x00000000d5580000)
  object space 513536K, 99% used [0x0000000080000000,0x000000009f5152e0,0x000000009f580000)
 Metaspace       used 100139K, committed 101888K, reserved 1179648K
  class space    used 11261K, committed 12160K, reserved 1048576K
}
Event: 156213.070 GC heap after
{Heap after GC invocations=6027 (full 6):
 PSYoungGen      total 4608K, used 256K [0x00000000d5580000, 0x00000000d5b00000, 0x0000000100000000)
  eden space 4096K, 0% used [0x00000000d5580000,0x00000000d5580000,0x00000000d5980000)
  from space 512K, 50% used [0x00000000d5a80000,0x00000000d5ac0000,0x00000000d5b00000)
  to   space 512K, 0% used [0x00000000d5a00000,0x00000000d5a00000,0x00000000d5a80000)
 ParOldGen       total 513536K, used 513156K [0x0000000080000000, 0x000000009f580000, 0x00000000d5580000)
  object space 513536K, 99% used [0x0000000080000000,0x000000009f5212e0,0x000000009f580000)
 Metaspace       used 100139K, committed 101888K, reserved 1179648K
  class space    used 11261K, committed 12160K, reserved 1048576K
}
Event: 156213.102 GC heap before
{Heap before GC invocations=6028 (full 6):
 PSYoungGen      total 4608K, used 4352K [0x00000000d5580000, 0x00000000d5b00000, 0x0000000100000000)
  eden space 4096K, 100% used [0x00000000d5580000,0x00000000d5980000,0x00000000d5980000)
  from space 512K, 50% used [0x00000000d5a80000,0x00000000d5ac0000,0x00000000d5b00000)
  to   space 512K, 0% used [0x00000000d5a00000,0x00000000d5a00000,0x00000000d5a80000)
 ParOldGen       total 513536K, used 513156K [0x0000000080000000, 0x000000009f580000, 0x00000000d5580000)
  object space 513536K, 99% used [0x0000000080000000,0x000000009f5212e0,0x000000009f580000)
 Metaspace       used 100139K, committed 101888K, reserved 1179648K
  class space    used 11261K, committed 12160K, reserved 1048576K
}
Event: 156213.104 GC heap after
{Heap after GC invocations=6028 (full 6):
 PSYoungGen      total 4608K, used 256K [0x00000000d5580000, 0x00000000d5b00000, 0x0000000100000000)
  eden space 4096K, 0% used [0x00000000d5580000,0x00000000d5580000,0x00000000d5980000)
  from space 512K, 50% used [0x00000000d5a00000,0x00000000d5a40000,0x00000000d5a80000)
  to   space 512K, 0% used [0x00000000d5a80000,0x00000000d5a80000,0x00000000d5b00000)
 ParOldGen       total 513536K, used 513196K [0x0000000080000000, 0x000000009f580000, 0x00000000d5580000)
  object space 513536K, 99% used [0x0000000080000000,0x000000009f52b2e0,0x000000009f580000)
 Metaspace       used 100139K, committed 101888K, reserved 1179648K
  class space    used 11261K, committed 12160K, reserved 1048576K
}
Event: 156213.132 GC heap before
{Heap before GC invocations=6029 (full 6):
 PSYoungGen      total 4608K, used 4352K [0x00000000d5580000, 0x00000000d5b00000, 0x0000000100000000)
  eden space 4096K, 100% used [0x00000000d5580000,0x00000000d5980000,0x00000000d5980000)
  from space 512K, 50% used [0x00000000d5a00000,0x00000000d5a40000,0x00000000d5a80000)
  to   space 512K, 0% used [0x00000000d5a80000,0x00000000d5a80000,0x00000000d5b00000)
 ParOldGen       total 513536K, used 513196K [0x0000000080000000, 0x000000009f580000, 0x00000000d5580000)
  object space 513536K, 99% used [0x0000000080000000,0x000000009f52b2e0,0x000000009f580000)
 Metaspace       used 100139K, committed 101888K, reserved 1179648K
  class space    used 11261K, committed 12160K, reserved 1048576K
}
Event: 156213.135 GC heap after
{Heap after GC invocations=6029 (full 6):
 PSYoungGen      total 4608K, used 256K [0x00000000d5580000, 0x00000000d5b00000, 0x0000000100000000)
  eden space 4096K, 0% used [0x00000000d5580000,0x00000000d5580000,0x00000000d5980000)
  from space 512K, 50% used [0x00000000d5a80000,0x00000000d5ac0000,0x00000000d5b00000)
  to   space 512K, 0% used [0x00000000d5a00000,0x00000000d5a00000,0x00000000d5a80000)
 ParOldGen       total 513536K, used 513260K [0x0000000080000000, 0x000000009f580000, 0x00000000d5580000)
  object space 513536K, 99% used [0x0000000080000000,0x000000009f53b2e0,0x000000009f580000)
 Metaspace       used 100139K, committed 101888K, reserved 1179648K
  class space    used 11261K, committed 12160K, reserved 1048576K
}
Event: 156213.164 GC heap before
{Heap before GC invocations=6030 (full 6):
 PSYoungGen      total 4608K, used 4352K [0x00000000d5580000, 0x00000000d5b00000, 0x0000000100000000)
  eden space 4096K, 100% used [0x00000000d5580000,0x00000000d5980000,0x00000000d5980000)
  from space 512K, 50% used [0x00000000d5a80000,0x00000000d5ac0000,0x00000000d5b00000)
  to   space 512K, 0% used [0x00000000d5a00000,0x00000000d5a00000,0x00000000d5a80000)
 ParOldGen       total 513536K, used 513260K [0x0000000080000000, 0x000000009f580000, 0x00000000d5580000)
  object space 513536K, 99% used [0x0000000080000000,0x000000009f53b2e0,0x000000009f580000)
 Metaspace       used 100139K, committed 101888K, reserved 1179648K
  class space    used 11261K, committed 12160K, reserved 1048576K
}
Event: 156213.167 GC heap after
{Heap after GC invocations=6030 (full 6):
 PSYoungGen      total 4608K, used 224K [0x00000000d5580000, 0x00000000d5b00000, 0x0000000100000000)
  eden space 4096K, 0% used [0x00000000d5580000,0x00000000d5580000,0x00000000d5980000)
  from space 512K, 43% used [0x00000000d5a00000,0x00000000d5a38000,0x00000000d5a80000)
  to   space 512K, 0% used [0x00000000d5a80000,0x00000000d5a80000,0x00000000d5b00000)
 ParOldGen       total 513536K, used 513300K [0x0000000080000000, 0x000000009f580000, 0x00000000d5580000)
  object space 513536K, 99% used [0x0000000080000000,0x000000009f5452e0,0x000000009f580000)
 Metaspace       used 100139K, committed 101888K, reserved 1179648K
  class space    used 11261K, committed 12160K, reserved 1048576K
}
Event: 156213.194 GC heap before
{Heap before GC invocations=6031 (full 6):
 PSYoungGen      total 4608K, used 4320K [0x00000000d5580000, 0x00000000d5b00000, 0x0000000100000000)
  eden space 4096K, 100% used [0x00000000d5580000,0x00000000d5980000,0x00000000d5980000)
  from space 512K, 43% used [0x00000000d5a00000,0x00000000d5a38000,0x00000000d5a80000)
  to   space 512K, 0% used [0x00000000d5a80000,0x00000000d5a80000,0x00000000d5b00000)
 ParOldGen       total 513536K, used 513300K [0x0000000080000000, 0x000000009f580000, 0x00000000d5580000)
  object space 513536K, 99% used [0x0000000080000000,0x000000009f5452e0,0x000000009f580000)
 Metaspace       used 100139K, committed 101888K, reserved 1179648K
  class space    used 11261K, committed 12160K, reserved 1048576K
}
Event: 156213.196 GC heap after
{Heap after GC invocations=6031 (full 6):
 PSYoungGen      total 4608K, used 224K [0x00000000d5580000, 0x00000000d5b00000, 0x0000000100000000)
  eden space 4096K, 0% used [0x00000000d5580000,0x00000000d5580000,0x00000000d5980000)
  from space 512K, 43% used [0x00000000d5a80000,0x00000000d5ab8000,0x00000000d5b00000)
  to   space 512K, 0% used [0x00000000d5a00000,0x00000000d5a00000,0x00000000d5a80000)
 ParOldGen       total 513536K, used 513340K [0x0000000080000000, 0x000000009f580000, 0x00000000d5580000)
  object space 513536K, 99% used [0x0000000080000000,0x000000009f54f2e0,0x000000009f580000)
 Metaspace       used 100139K, committed 101888K, reserved 1179648K
  class space    used 11261K, committed 12160K, reserved 1048576K
}
Event: 156553.936 GC heap before
{Heap before GC invocations=6032 (full 6):
 PSYoungGen      total 4608K, used 4319K [0x00000000d5580000, 0x00000000d5b00000, 0x0000000100000000)
  eden space 4096K, 99% used [0x00000000d5580000,0x00000000d597fff0,0x00000000d5980000)
  from space 512K, 43% used [0x00000000d5a80000,0x00000000d5ab8000,0x00000000d5b00000)
  to   space 512K, 0% used [0x00000000d5a00000,0x00000000d5a00000,0x00000000d5a80000)
 ParOldGen       total 513536K, used 513340K [0x0000000080000000, 0x000000009f580000, 0x00000000d5580000)
  object space 513536K, 99% used [0x0000000080000000,0x000000009f54f2e0,0x000000009f580000)
 Metaspace       used 100139K, committed 101888K, reserved 1179648K
  class space    used 11261K, committed 12160K, reserved 1048576K
}
Event: 156554.002 GC heap after
{Heap after GC invocations=6032 (full 6):
 PSYoungGen      total 4608K, used 160K [0x00000000d5580000, 0x00000000d5b00000, 0x0000000100000000)
  eden space 4096K, 0% used [0x00000000d5580000,0x00000000d5580000,0x00000000d5980000)
  from space 512K, 31% used [0x00000000d5a00000,0x00000000d5a28000,0x00000000d5a80000)
  to   space 512K, 0% used [0x00000000d5a80000,0x00000000d5a80000,0x00000000d5b00000)
 ParOldGen       total 513536K, used 513364K [0x0000000080000000, 0x000000009f580000, 0x00000000d5580000)
  object space 513536K, 99% used [0x0000000080000000,0x000000009f5552e0,0x000000009f580000)
 Metaspace       used 100139K, committed 101888K, reserved 1179648K
  class space    used 11261K, committed 12160K, reserved 1048576K
}
Event: 156559.261 GC heap before
{Heap before GC invocations=6033 (full 6):
 PSYoungGen      total 4608K, used 4256K [0x00000000d5580000, 0x00000000d5b00000, 0x0000000100000000)
  eden space 4096K, 100% used [0x00000000d5580000,0x00000000d5980000,0x00000000d5980000)
  from space 512K, 31% used [0x00000000d5a00000,0x00000000d5a28000,0x00000000d5a80000)
  to   space 512K, 0% used [0x00000000d5a80000,0x00000000d5a80000,0x00000000d5b00000)
 ParOldGen       total 513536K, used 513364K [0x0000000080000000, 0x000000009f580000, 0x00000000d5580000)
  object space 513536K, 99% used [0x0000000080000000,0x000000009f5552e0,0x000000009f580000)
 Metaspace       used 100139K, committed 101888K, reserved 1179648K
  class space    used 11261K, committed 12160K, reserved 1048576K
}
Event: 156559.266 GC heap after
{Heap after GC invocations=6033 (full 6):
 PSYoungGen      total 4608K, used 192K [0x00000000d5580000, 0x00000000d5b00000, 0x0000000100000000)
  eden space 4096K, 0% used [0x00000000d5580000,0x00000000d5580000,0x00000000d5980000)
  from space 512K, 37% used [0x00000000d5a80000,0x00000000d5ab0000,0x00000000d5b00000)
  to   space 512K, 0% used [0x00000000d5a00000,0x00000000d5a00000,0x00000000d5a80000)
 ParOldGen       total 513536K, used 513404K [0x0000000080000000, 0x000000009f580000, 0x00000000d5580000)
  object space 513536K, 99% used [0x0000000080000000,0x000000009f55f2e0,0x000000009f580000)
 Metaspace       used 100139K, committed 101888K, reserved 1179648K
  class space    used 11261K, committed 12160K, reserved 1048576K
}

Dll operation events (15 events):
Event: 0.012 Loaded shared library c:\Users\AEVAWEB\.vscode\extensions\redhat.java-1.52.0-win32-x64\jre\21.0.9-win32-x86_64\bin\java.dll
Event: 0.126 Loaded shared library c:\Users\AEVAWEB\.vscode\extensions\redhat.java-1.52.0-win32-x64\jre\21.0.9-win32-x86_64\bin\zip.dll
Event: 0.153 Loaded shared library C:\Users\AEVAWEB\.vscode\extensions\redhat.java-1.52.0-win32-x64\jre\21.0.9-win32-x86_64\bin\instrument.dll
Event: 0.158 Loaded shared library C:\Users\AEVAWEB\.vscode\extensions\redhat.java-1.52.0-win32-x64\jre\21.0.9-win32-x86_64\bin\net.dll
Event: 0.163 Loaded shared library C:\Users\AEVAWEB\.vscode\extensions\redhat.java-1.52.0-win32-x64\jre\21.0.9-win32-x86_64\bin\nio.dll
Event: 0.167 Loaded shared library C:\Users\AEVAWEB\.vscode\extensions\redhat.java-1.52.0-win32-x64\jre\21.0.9-win32-x86_64\bin\zip.dll
Event: 0.238 Loaded shared library C:\Users\AEVAWEB\.vscode\extensions\redhat.java-1.52.0-win32-x64\jre\21.0.9-win32-x86_64\bin\jimage.dll
Event: 0.341 Loaded shared library c:\Users\AEVAWEB\.vscode\extensions\redhat.java-1.52.0-win32-x64\jre\21.0.9-win32-x86_64\bin\verify.dll
Event: 11.094 Loaded shared library C:\Users\AEVAWEB\AppData\Roaming\Code\User\globalStorage\redhat.java\1.52.0\config_win\org.eclipse.equinox.launcher\org.eclipse.equinox.launcher.win32.win32.x86_64_1.2.1500.v20260121-1430\eclipse_11919.dll
Event: 31.213 Loaded shared library C:\Users\AEVAWEB\AppData\Local\Temp\jna--384946427\jna13226399110725480326.dll
Event: 35.608 Loaded shared library C:\Users\AEVAWEB\.vscode\extensions\redhat.java-1.52.0-win32-x64\jre\21.0.9-win32-x86_64\bin\sunmscapi.dll
Event: 35.872 Loaded shared library C:\Users\AEVAWEB\.vscode\extensions\redhat.java-1.52.0-win32-x64\jre\21.0.9-win32-x86_64\bin\extnet.dll
Event: 42.703 Loaded shared library C:\Users\AEVAWEB\.gradle\native\e1d6ef7f7dcc3fd88c89a11ec53ec762bb8ba0a96d01ffa2cd45eb1d1d8dd5c5\windows-amd64\native-platform.dll
Event: 44.012 Loaded shared library C:\Users\AEVAWEB\.vscode\extensions\redhat.java-1.52.0-win32-x64\jre\21.0.9-win32-x86_64\bin\management.dll
Event: 44.014 Loaded shared library C:\Users\AEVAWEB\.vscode\extensions\redhat.java-1.52.0-win32-x64\jre\21.0.9-win32-x86_64\bin\management_ext.dll

Deoptimization events (20 events):
Event: 155729.165 Thread 0x000002e8a2d5efb0 Uncommon trap: trap_request=0xffffff45 fr.pc=0x000002e84e9f5ca4 relative=0x0000000000000844
Event: 155729.165 Thread 0x000002e8a2d5efb0 Uncommon trap: reason=unstable_if action=reinterpret pc=0x000002e84e9f5ca4 method=org.eclipse.jdt.core.compiler.CharOperation.prefixEquals([C[C)Z @ 6 c2
Event: 155729.165 Thread 0x000002e8a2d5efb0 DEOPT PACKING pc=0x000002e84e9f5ca4 sp=0x000000f61a0fdc30
Event: 155729.165 Thread 0x000002e8a2d5efb0 DEOPT UNPACKING pc=0x000002e84dad3aa2 sp=0x000000f61a0fdb10 mode 2
Event: 155729.166 Thread 0x000002e8a2d5efb0 Uncommon trap: trap_request=0xffffff45 fr.pc=0x000002e84eb145ec relative=0x000000000000066c
Event: 155729.166 Thread 0x000002e8a2d5efb0 Uncommon trap: reason=unstable_if action=reinterpret pc=0x000002e84eb145ec method=org.eclipse.jdt.core.compiler.CharOperation.prefixEquals([C[C)Z @ 6 c2
Event: 155729.166 Thread 0x000002e8a2d5efb0 DEOPT PACKING pc=0x000002e84eb145ec sp=0x000000f61a0fdc10
Event: 155729.166 Thread 0x000002e8a2d5efb0 DEOPT UNPACKING pc=0x000002e84dad3aa2 sp=0x000000f61a0fdb10 mode 2
Event: 155729.167 Thread 0x000002e8a2d5efb0 Uncommon trap: trap_request=0xffffff45 fr.pc=0x000002e84e7d98fc relative=0x00000000000000dc
Event: 155729.167 Thread 0x000002e8a2d5efb0 Uncommon trap: reason=unstable_if action=reinterpret pc=0x000002e84e7d98fc method=org.eclipse.jdt.core.compiler.CharOperation.prefixEquals([C[C)Z @ 6 c2
Event: 155729.168 Thread 0x000002e8a2d5efb0 DEOPT PACKING pc=0x000002e84e7d98fc sp=0x000000f61a0fdb80
Event: 155729.168 Thread 0x000002e8a2d5efb0 DEOPT UNPACKING pc=0x000002e84dad3aa2 sp=0x000000f61a0fdb08 mode 2
Event: 155729.304 Thread 0x000002e8a2d61da0 DEOPT PACKING pc=0x000002e8468bdf8d sp=0x000000f61c4feb30
Event: 155729.304 Thread 0x000002e8a2d61da0 DEOPT UNPACKING pc=0x000002e84dad4242 sp=0x000000f61c4fe0a8 mode 0
Event: 155729.360 Thread 0x000002e8a2d61da0 DEOPT PACKING pc=0x000002e8468bdf8d sp=0x000000f61c4feb30
Event: 155729.360 Thread 0x000002e8a2d61da0 DEOPT UNPACKING pc=0x000002e84dad4242 sp=0x000000f61c4fe0a8 mode 0
Event: 155729.372 Thread 0x000002e8a2d61da0 DEOPT PACKING pc=0x000002e8468bdff6 sp=0x000000f61c4feb30
Event: 155729.372 Thread 0x000002e8a2d61da0 DEOPT UNPACKING pc=0x000002e84dad4242 sp=0x000000f61c4fe0a8 mode 0
Event: 155872.710 Thread 0x000002e8a2d5f640 DEOPT PACKING pc=0x000002e8484c31cb sp=0x000000f61a2fe810
Event: 155872.710 Thread 0x000002e8a2d5f640 DEOPT UNPACKING pc=0x000002e84dad4242 sp=0x000000f61a2fdca8 mode 0

Classes loaded (20 events):
Event: 336.818 Loading class java/util/function/LongFunction
Event: 336.818 Loading class java/util/function/LongFunction done
Event: 336.819 Loading class java/util/stream/Nodes$ConcNode
Event: 336.819 Loading class java/util/stream/Nodes$AbstractConcNode
Event: 336.819 Loading class java/util/stream/Nodes$AbstractConcNode done
Event: 336.819 Loading class java/util/stream/Nodes$ConcNode done
Event: 780.763 Loading class java/util/stream/ReduceOps$5
Event: 780.763 Loading class java/util/stream/ReduceOps$5 done
Event: 780.763 Loading class java/util/stream/ReduceOps$CountingSink$OfRef
Event: 780.763 Loading class java/util/stream/ReduceOps$CountingSink
Event: 780.763 Loading class java/util/stream/ReduceOps$CountingSink done
Event: 780.763 Loading class java/util/stream/ReduceOps$CountingSink$OfRef done
Event: 1726.053 Loading class java/lang/StringLatin1$CharsSpliterator
Event: 1726.053 Loading class java/lang/StringLatin1$CharsSpliterator done
Event: 3347.978 Loading class java/nio/channels/CompletionHandler
Event: 3347.978 Loading class java/nio/channels/CompletionHandler done
Event: 154424.466 Loading class java/util/stream/ReferencePipeline$15
Event: 154424.468 Loading class java/util/stream/ReferencePipeline$15 done
Event: 154424.470 Loading class java/util/stream/ReferencePipeline$15$1
Event: 154424.471 Loading class java/util/stream/ReferencePipeline$15$1 done

Classes unloaded (20 events):
Event: 152724.090 Thread 0x000002e8433f2a50 Unloading class 0x000002e85bb74400 'java/lang/invoke/LambdaForm$DMH+0x000002e85bb74400'
Event: 152724.090 Thread 0x000002e8433f2a50 Unloading class 0x000002e85b5c4800 'java/lang/invoke/LambdaForm$MH+0x000002e85b5c4800'
Event: 152724.090 Thread 0x000002e8433f2a50 Unloading class 0x000002e85b225c00 'java/lang/invoke/LambdaForm$MH+0x000002e85b225c00'
Event: 152724.091 Thread 0x000002e8433f2a50 Unloading class 0x000002e85b225800 'java/lang/invoke/LambdaForm$MH+0x000002e85b225800'
Event: 152724.091 Thread 0x000002e8433f2a50 Unloading class 0x000002e85b225400 'java/lang/invoke/LambdaForm$MH+0x000002e85b225400'
Event: 152724.091 Thread 0x000002e8433f2a50 Unloading class 0x000002e85b1be400 'java/lang/invoke/LambdaForm$MH+0x000002e85b1be400'
Event: 152724.091 Thread 0x000002e8433f2a50 Unloading class 0x000002e85b1bd800 'java/lang/invoke/LambdaForm$MH+0x000002e85b1bd800'
Event: 152724.091 Thread 0x000002e8433f2a50 Unloading class 0x000002e85b1bd400 'java/lang/invoke/LambdaForm$MH+0x000002e85b1bd400'
Event: 152724.091 Thread 0x000002e8433f2a50 Unloading class 0x000002e85b1bd000 'java/lang/invoke/LambdaForm$MH+0x000002e85b1bd000'
Event: 152724.091 Thread 0x000002e8433f2a50 Unloading class 0x000002e85b1bc800 'java/lang/invoke/LambdaForm$MH+0x000002e85b1bc800'
Event: 152724.091 Thread 0x000002e8433f2a50 Unloading class 0x000002e85b1bc000 'java/lang/invoke/LambdaForm$MH+0x000002e85b1bc000'
Event: 152724.091 Thread 0x000002e8433f2a50 Unloading class 0x000002e85b178800 'java/lang/invoke/LambdaForm$MH+0x000002e85b178800'
Event: 152724.092 Thread 0x000002e8433f2a50 Unloading class 0x000002e85b178000 'java/lang/invoke/LambdaForm$MH+0x000002e85b178000'
Event: 152724.092 Thread 0x000002e8433f2a50 Unloading class 0x000002e85b177c00 'java/lang/invoke/LambdaForm$MH+0x000002e85b177c00'
Event: 152724.092 Thread 0x000002e8433f2a50 Unloading class 0x000002e85b177800 'java/lang/invoke/LambdaForm$MH+0x000002e85b177800'
Event: 152724.092 Thread 0x000002e8433f2a50 Unloading class 0x000002e85b01f800 'java/lang/invoke/LambdaForm$MH+0x000002e85b01f800'
Event: 152724.092 Thread 0x000002e8433f2a50 Unloading class 0x000002e85b01e800 'java/lang/invoke/LambdaForm$MH+0x000002e85b01e800'
Event: 152724.092 Thread 0x000002e8433f2a50 Unloading class 0x000002e85b01e400 'java/lang/invoke/LambdaForm$MH+0x000002e85b01e400'
Event: 152724.092 Thread 0x000002e8433f2a50 Unloading class 0x000002e85b01dc00 'java/lang/invoke/LambdaForm$MH+0x000002e85b01dc00'
Event: 152724.092 Thread 0x000002e8433f2a50 Unloading class 0x000002e85b01d400 'java/lang/invoke/LambdaForm$MH+0x000002e85b01d400'

Classes redefined (0 events):
No events

Internal exceptions (20 events):
Event: 154424.268 Thread 0x000002e8a2d61da0 Implicit null exception at 0x000002e847d9e3fc to 0x000002e847d9fe76
Event: 154424.268 Thread 0x000002e8a2d61da0 Exception <a 'java/lang/NullPointerException'{0x00000000d559c518}> (0x00000000d559c518) 
thrown [s\src\hotspot\share\runtime\sharedRuntime.cpp, line 625]
Event: 154424.438 Thread 0x000002e8a3c8b520 Implicit null exception at 0x000002e84ee10ff1 to 0x000002e84ee14910
Event: 154424.491 Thread 0x000002e8a2d64b90 Implicit null exception at 0x000002e84ecfddda to 0x000002e84ecfde18
Event: 154521.876 Thread 0x000002e8a2d65220 Exception <a 'sun/nio/fs/WindowsException'{0x00000000d55fa3f0}> (0x00000000d55fa3f0) 
thrown [s\src\hotspot\share\prims\jni.cpp, line 520]
Event: 154521.877 Thread 0x000002e8a2d65220 Exception <a 'sun/nio/fs/WindowsException'{0x00000000d55fb198}> (0x00000000d55fb198) 
thrown [s\src\hotspot\share\prims\jni.cpp, line 520]
Event: 154579.682 Thread 0x000002e8a3c8b520 Exception <a 'sun/nio/fs/WindowsException'{0x00000000d57086d0}> (0x00000000d57086d0) 
thrown [s\src\hotspot\share\prims\jni.cpp, line 520]
Event: 154579.683 Thread 0x000002e8a3c8b520 Exception <a 'sun/nio/fs/WindowsException'{0x00000000d5708b10}> (0x00000000d5708b10) 
thrown [s\src\hotspot\share\prims\jni.cpp, line 520]
Event: 154579.693 Thread 0x000002e8a3c8b520 Exception <a 'sun/nio/fs/WindowsException'{0x00000000d57def00}> (0x00000000d57def00) 
thrown [s\src\hotspot\share\prims\jni.cpp, line 520]
Event: 154579.693 Thread 0x000002e8a3c8b520 Exception <a 'sun/nio/fs/WindowsException'{0x00000000d57df340}> (0x00000000d57df340) 
thrown [s\src\hotspot\share\prims\jni.cpp, line 520]
Event: 154579.697 Thread 0x000002e8a2d61080 Exception <a 'sun/nio/fs/WindowsException'{0x00000000d5854ed8}> (0x00000000d5854ed8) 
thrown [s\src\hotspot\share\prims\jni.cpp, line 520]
Event: 154579.698 Thread 0x000002e8a2d61080 Exception <a 'sun/nio/fs/WindowsException'{0x00000000d5855318}> (0x00000000d5855318) 
thrown [s\src\hotspot\share\prims\jni.cpp, line 520]
Event: 154628.816 Thread 0x000002e8a3c8b520 Exception <a 'sun/nio/fs/WindowsException'{0x00000000d588d3e0}> (0x00000000d588d3e0) 
thrown [s\src\hotspot\share\prims\jni.cpp, line 520]
Event: 154628.818 Thread 0x000002e8a3c8b520 Exception <a 'sun/nio/fs/WindowsException'{0x00000000d588d7d0}> (0x00000000d588d7d0) 
thrown [s\src\hotspot\share\prims\jni.cpp, line 520]
Event: 154628.829 Thread 0x000002e8a2d63150 Exception <a 'sun/nio/fs/WindowsException'{0x00000000d58f3c28}> (0x00000000d58f3c28) 
thrown [s\src\hotspot\share\prims\jni.cpp, line 520]
Event: 154628.830 Thread 0x000002e8a2d63150 Exception <a 'sun/nio/fs/WindowsException'{0x00000000d58f7ab8}> (0x00000000d58f7ab8) 
thrown [s\src\hotspot\share\prims\jni.cpp, line 520]
Event: 154628.850 Thread 0x000002e8a3c8b520 Exception <a 'sun/nio/fs/WindowsException'{0x00000000d59879f8}> (0x00000000d59879f8) 
thrown [s\src\hotspot\share\prims\jni.cpp, line 520]
Event: 154628.852 Thread 0x000002e8a3c8b520 Exception <a 'sun/nio/fs/WindowsException'{0x00000000d5987e38}> (0x00000000d5987e38) 
thrown [s\src\hotspot\share\prims\jni.cpp, line 520]
Event: 154628.863 Thread 0x000002e8a2d63150 Exception <a 'sun/nio/fs/WindowsException'{0x00000000d59e59e8}> (0x00000000d59e59e8) 
thrown [s\src\hotspot\share\prims\jni.cpp, line 520]
Event: 154628.865 Thread 0x000002e8a2d63150 Exception <a 'sun/nio/fs/WindowsException'{0x00000000d59e6098}> (0x00000000d59e6098) 
thrown [s\src\hotspot\share\prims\jni.cpp, line 520]

ZGC Phase Switch (0 events):
No events

VM Operations (20 events):
Event: 156213.038 Executing VM operation: ParallelGCFailedAllocation (Allocation Failure)
Event: 156213.042 Executing VM operation: ParallelGCFailedAllocation (Allocation Failure) done
Event: 156213.066 Executing VM operation: ParallelGCFailedAllocation (Allocation Failure)
Event: 156213.070 Executing VM operation: ParallelGCFailedAllocation (Allocation Failure) done
Event: 156213.102 Executing VM operation: ParallelGCFailedAllocation (Allocation Failure)
Event: 156213.104 Executing VM operation: ParallelGCFailedAllocation (Allocation Failure) done
Event: 156213.132 Executing VM operation: ParallelGCFailedAllocation (Allocation Failure)
Event: 156213.135 Executing VM operation: ParallelGCFailedAllocation (Allocation Failure) done
Event: 156213.164 Executing VM operation: ParallelGCFailedAllocation (Allocation Failure)
Event: 156213.167 Executing VM operation: ParallelGCFailedAllocation (Allocation Failure) done
Event: 156213.194 Executing VM operation: ParallelGCFailedAllocation (Allocation Failure)
Event: 156213.196 Executing VM operation: ParallelGCFailedAllocation (Allocation Failure) done
Event: 156553.935 Executing VM operation: ParallelGCFailedAllocation (Allocation Failure)
Event: 156554.003 Executing VM operation: ParallelGCFailedAllocation (Allocation Failure) done
Event: 156559.261 Executing VM operation: ParallelGCFailedAllocation (Allocation Failure)
Event: 156559.266 Executing VM operation: ParallelGCFailedAllocation (Allocation Failure) done
Event: 156669.073 Executing VM operation: HandshakeAllThreads (HandshakeForDeflation)
Event: 156669.073 Executing VM operation: HandshakeAllThreads (HandshakeForDeflation) done
Event: 156669.073 Executing VM operation: RendezvousGCThreads
Event: 156669.073 Executing VM operation: RendezvousGCThreads done

Memory protections (0 events):
No events

Nmethod flushes (20 events):
Event: 152725.360 Thread 0x000002e8433f2a50 flushing  nmethod 0x000002e84907b710
Event: 152725.360 Thread 0x000002e8433f2a50 flushing osr nmethod 0x000002e8490e1710
Event: 152725.360 Thread 0x000002e8433f2a50 flushing  nmethod 0x000002e849113c90
Event: 152725.360 Thread 0x000002e8433f2a50 flushing  nmethod 0x000002e84913cd10
Event: 152725.360 Thread 0x000002e8433f2a50 flushing  nmethod 0x000002e84913d110
Event: 152725.360 Thread 0x000002e8433f2a50 flushing  nmethod 0x000002e84913df10
Event: 152725.360 Thread 0x000002e8433f2a50 flushing  nmethod 0x000002e849189590
Event: 152725.360 Thread 0x000002e8433f2a50 flushing osr nmethod 0x000002e8491ac890
Event: 152725.360 Thread 0x000002e8433f2a50 flushing  nmethod 0x000002e8491b7990
Event: 152725.360 Thread 0x000002e8433f2a50 flushing  nmethod 0x000002e8491d2510
Event: 152725.360 Thread 0x000002e8433f2a50 flushing  nmethod 0x000002e8491fce10
Event: 152725.360 Thread 0x000002e8433f2a50 flushing  nmethod 0x000002e8491fe090
Event: 152725.360 Thread 0x000002e8433f2a50 flushing  nmethod 0x000002e849211510
Event: 152725.360 Thread 0x000002e8433f2a50 flushing  nmethod 0x000002e849276690
Event: 152725.360 Thread 0x000002e8433f2a50 flushing  nmethod 0x000002e8492d8310
Event: 152725.360 Thread 0x000002e8433f2a50 flushing  nmethod 0x000002e8492d8890
Event: 152725.360 Thread 0x000002e8433f2a50 flushing  nmethod 0x000002e8492db710
Event: 152725.360 Thread 0x000002e8433f2a50 flushing  nmethod 0x000002e8492dea10
Event: 152725.360 Thread 0x000002e8433f2a50 flushing  nmethod 0x000002e8492e1410
Event: 152725.360 Thread 0x000002e8433f2a50 flushing  nmethod 0x000002e8492eb410

Events (20 events):
Event: 154808.912 Thread 0x000002e8a2d61080 Thread exited: 0x000002e8a2d61080
Event: 154868.914 Thread 0x000002e8a2d5efb0 Thread exited: 0x000002e8a2d5efb0
Event: 154924.036 Thread 0x000002e8a3c8b520 Thread added: 0x000002e8a2d64500
Event: 154992.423 Thread 0x000002e8a2d64500 Thread exited: 0x000002e8a2d64500
Event: 155653.198 Thread 0x000002e8a3c8b520 Thread added: 0x000002e8a2d5efb0
Event: 155660.402 Thread 0x000002e8a2d5efb0 Thread added: 0x000002e8a2d5f640
Event: 155660.402 Thread 0x000002e8a2d5f640 Thread added: 0x000002e8a2d5fcd0
Event: 155660.403 Thread 0x000002e8a2d5efb0 Thread added: 0x000002e8a2d61da0
Event: 155709.189 Thread 0x000002e859dd2f50 Thread added: 0x000002e89cabd4d0
Event: 155709.562 Thread 0x000002e89cabd4d0 Thread exited: 0x000002e89cabd4d0
Event: 155789.861 Thread 0x000002e8a2d5efb0 Thread exited: 0x000002e8a2d5efb0
Event: 155849.861 Thread 0x000002e8a2d61da0 Thread exited: 0x000002e8a2d61da0
Event: 155932.719 Thread 0x000002e8a2d5f640 Thread exited: 0x000002e8a2d5f640
Event: 155992.720 Thread 0x000002e8a2d5fcd0 Thread exited: 0x000002e8a2d5fcd0
Event: 156195.712 Thread 0x000002e8a3c8b520 Thread added: 0x000002e8a2d64b90
Event: 156196.856 Thread 0x000002e8a2d64b90 Thread added: 0x000002e8a2d5fcd0
Event: 156273.213 Thread 0x000002e8a2d64b90 Thread exited: 0x000002e8a2d64b90
Event: 156333.245 Thread 0x000002e8a2d5fcd0 Thread exited: 0x000002e8a2d5fcd0
Event: 156553.890 Thread 0x000002e8a3c8b520 Thread added: 0x000002e8a2d63150
Event: 156619.276 Thread 0x000002e8a2d63150 Thread exited: 0x000002e8a2d63150


Dynamic libraries:
0x00007ff66c290000 - 0x00007ff66c29e000 	c:\Users\AEVAWEB\.vscode\extensions\redhat.java-1.52.0-win32-x64\jre\21.0.9-win32-x86_64\bin\java.exe
0x00007ff913410000 - 0x00007ff913628000 	C:\WINDOWS\SYSTEM32\ntdll.dll
0x00007ff912340000 - 0x00007ff912404000 	C:\WINDOWS\System32\KERNEL32.DLL
0x00007ff910520000 - 0x00007ff9108f3000 	C:\WINDOWS\System32\KERNELBASE.dll
0x00007ff910cd0000 - 0x00007ff910de1000 	C:\WINDOWS\System32\ucrtbase.dll
0x00007ff88f2d0000 - 0x00007ff88f2e8000 	c:\Users\AEVAWEB\.vscode\extensions\redhat.java-1.52.0-win32-x64\jre\21.0.9-win32-x86_64\bin\jli.dll
0x00007ff912910000 - 0x00007ff912ac2000 	C:\WINDOWS\System32\USER32.dll
0x00007ff910e70000 - 0x00007ff910e96000 	C:\WINDOWS\System32\win32u.dll
0x00007ff9116e0000 - 0x00007ff911709000 	C:\WINDOWS\System32\GDI32.dll
0x00007ff9109c0000 - 0x00007ff910adb000 	C:\WINDOWS\System32\gdi32full.dll
0x00007ff911010000 - 0x00007ff9110aa000 	C:\WINDOWS\System32\msvcp_win.dll
0x00007ff875890000 - 0x00007ff8758ae000 	c:\Users\AEVAWEB\.vscode\extensions\redhat.java-1.52.0-win32-x64\jre\21.0.9-win32-x86_64\bin\VCRUNTIME140.dll
0x00007ff8f9c20000 - 0x00007ff8f9ebc000 	C:\WINDOWS\WinSxS\amd64_microsoft.windows.common-controls_6595b64144ccf1df_6.0.22621.6060_none_2712eda17382d24b\COMCTL32.dll
0x00007ff912ad0000 - 0x00007ff912b77000 	C:\WINDOWS\System32\msvcrt.dll
0x00007ff912ca0000 - 0x00007ff912cd1000 	C:\WINDOWS\System32\IMM32.DLL
0x00007ff8d1a10000 - 0x00007ff8d1a1c000 	c:\Users\AEVAWEB\.vscode\extensions\redhat.java-1.52.0-win32-x64\jre\21.0.9-win32-x86_64\bin\vcruntime140_1.dll
0x00007ff86d890000 - 0x00007ff86d91d000 	c:\Users\AEVAWEB\.vscode\extensions\redhat.java-1.52.0-win32-x64\jre\21.0.9-win32-x86_64\bin\msvcp140.dll
0x00007ff867d20000 - 0x00007ff868ac0000 	c:\Users\AEVAWEB\.vscode\extensions\redhat.java-1.52.0-win32-x64\jre\21.0.9-win32-x86_64\bin\server\jvm.dll
0x00007ff912210000 - 0x00007ff9122c1000 	C:\WINDOWS\System32\ADVAPI32.dll
0x00007ff912410000 - 0x00007ff9124b8000 	C:\WINDOWS\System32\sechost.dll
0x00007ff910ca0000 - 0x00007ff910cc8000 	C:\WINDOWS\System32\bcrypt.dll
0x00007ff912b80000 - 0x00007ff912c98000 	C:\WINDOWS\System32\RPCRT4.dll
0x00007ff9132e0000 - 0x00007ff913351000 	C:\WINDOWS\System32\WS2_32.dll
0x00007ff9103f0000 - 0x00007ff91043d000 	C:\WINDOWS\SYSTEM32\POWRPROF.dll
0x00007ff901720000 - 0x00007ff90172a000 	C:\WINDOWS\SYSTEM32\VERSION.dll
0x00007ff8ff140000 - 0x00007ff8ff174000 	C:\WINDOWS\SYSTEM32\WINMM.dll
0x00007ff9103d0000 - 0x00007ff9103e3000 	C:\WINDOWS\SYSTEM32\UMPDC.dll
0x00007ff90f500000 - 0x00007ff90f518000 	C:\WINDOWS\SYSTEM32\kernel.appcore.dll
0x00007ff8ce140000 - 0x00007ff8ce14a000 	c:\Users\AEVAWEB\.vscode\extensions\redhat.java-1.52.0-win32-x64\jre\21.0.9-win32-x86_64\bin\jimage.dll
0x00007ff90de60000 - 0x00007ff90e093000 	C:\WINDOWS\SYSTEM32\DBGHELP.DLL
0x00007ff9124c0000 - 0x00007ff912851000 	C:\WINDOWS\System32\combase.dll
0x00007ff913200000 - 0x00007ff9132d8000 	C:\WINDOWS\System32\OLEAUT32.dll
0x00007ff902350000 - 0x00007ff902382000 	C:\WINDOWS\SYSTEM32\dbgcore.DLL
0x00007ff910ae0000 - 0x00007ff910b5b000 	C:\WINDOWS\System32\bcryptPrimitives.dll
0x00007ff8cd470000 - 0x00007ff8cd47f000 	c:\Users\AEVAWEB\.vscode\extensions\redhat.java-1.52.0-win32-x64\jre\21.0.9-win32-x86_64\bin\instrument.dll
0x00007ff86e6d0000 - 0x00007ff86e6f0000 	c:\Users\AEVAWEB\.vscode\extensions\redhat.java-1.52.0-win32-x64\jre\21.0.9-win32-x86_64\bin\java.dll
0x00007ff911760000 - 0x00007ff911ffc000 	C:\WINDOWS\System32\SHELL32.dll
0x00007ff910b60000 - 0x00007ff910c9f000 	C:\WINDOWS\System32\wintypes.dll
0x00007ff90e420000 - 0x00007ff90ed3a000 	C:\WINDOWS\SYSTEM32\windows.storage.dll
0x00007ff912050000 - 0x00007ff912154000 	C:\WINDOWS\System32\SHCORE.dll
0x00007ff9122d0000 - 0x00007ff912339000 	C:\WINDOWS\System32\shlwapi.dll
0x00007ff910450000 - 0x00007ff910475000 	C:\WINDOWS\SYSTEM32\profapi.dll
0x00007ff86d820000 - 0x00007ff86d838000 	c:\Users\AEVAWEB\.vscode\extensions\redhat.java-1.52.0-win32-x64\jre\21.0.9-win32-x86_64\bin\zip.dll
0x00007ff8cdd00000 - 0x00007ff8cdd10000 	C:\Users\AEVAWEB\.vscode\extensions\redhat.java-1.52.0-win32-x64\jre\21.0.9-win32-x86_64\bin\net.dll
0x00007ff9015d0000 - 0x00007ff9016fc000 	C:\WINDOWS\SYSTEM32\WINHTTP.dll
0x00007ff90f9e0000 - 0x00007ff90fa49000 	C:\WINDOWS\system32\mswsock.dll
0x00007ff86aaa0000 - 0x00007ff86aab6000 	C:\Users\AEVAWEB\.vscode\extensions\redhat.java-1.52.0-win32-x64\jre\21.0.9-win32-x86_64\bin\nio.dll
0x00007ff8cb350000 - 0x00007ff8cb360000 	c:\Users\AEVAWEB\.vscode\extensions\redhat.java-1.52.0-win32-x64\jre\21.0.9-win32-x86_64\bin\verify.dll
0x00007ff8ec1f0000 - 0x00007ff8ec235000 	C:\Users\AEVAWEB\AppData\Roaming\Code\User\globalStorage\redhat.java\1.52.0\config_win\org.eclipse.equinox.launcher\org.eclipse.equinox.launcher.win32.win32.x86_64_1.2.1500.v20260121-1430\eclipse_11919.dll
0x00007ff9110b0000 - 0x00007ff911251000 	C:\WINDOWS\System32\ole32.dll
0x00007ff90fc30000 - 0x00007ff90fc4b000 	C:\WINDOWS\SYSTEM32\CRYPTSP.dll
0x00007ff90f460000 - 0x00007ff90f497000 	C:\WINDOWS\system32\rsaenh.dll
0x00007ff90fad0000 - 0x00007ff90faf8000 	C:\WINDOWS\SYSTEM32\USERENV.dll
0x00007ff90fc50000 - 0x00007ff90fc5c000 	C:\WINDOWS\SYSTEM32\CRYPTBASE.dll
0x00007ff90efa0000 - 0x00007ff90efcd000 	C:\WINDOWS\SYSTEM32\IPHLPAPI.DLL
0x00007ff912900000 - 0x00007ff912909000 	C:\WINDOWS\System32\NSI.dll
0x00007ff8ceaa0000 - 0x00007ff8ceae9000 	C:\Users\AEVAWEB\AppData\Local\Temp\jna--384946427\jna13226399110725480326.dll
0x00007ff911750000 - 0x00007ff911758000 	C:\WINDOWS\System32\PSAPI.DLL
0x00007ff8fef00000 - 0x00007ff8fef19000 	C:\WINDOWS\SYSTEM32\dhcpcsvc6.DLL
0x00007ff8fed70000 - 0x00007ff8fed8f000 	C:\WINDOWS\SYSTEM32\dhcpcsvc.DLL
0x00007ff8faf70000 - 0x00007ff8faf7e000 	C:\Users\AEVAWEB\.vscode\extensions\redhat.java-1.52.0-win32-x64\jre\21.0.9-win32-x86_64\bin\sunmscapi.dll
0x00007ff910ea0000 - 0x00007ff911008000 	C:\WINDOWS\System32\CRYPT32.dll
0x00007ff90fdf0000 - 0x00007ff90fe1e000 	C:\WINDOWS\SYSTEM32\ncrypt.dll
0x00007ff90fdb0000 - 0x00007ff90fde7000 	C:\WINDOWS\SYSTEM32\NTASN1.dll
0x00007ff90efd0000 - 0x00007ff90f0c8000 	C:\WINDOWS\SYSTEM32\DNSAPI.dll
0x00007ff8fe230000 - 0x00007ff8fe23a000 	C:\Windows\System32\rasadhlp.dll
0x00007ff8fe260000 - 0x00007ff8fe2e4000 	C:\WINDOWS\System32\fwpuclnt.dll
0x00007ff8f9b90000 - 0x00007ff8f9b99000 	C:\Users\AEVAWEB\.vscode\extensions\redhat.java-1.52.0-win32-x64\jre\21.0.9-win32-x86_64\bin\extnet.dll
0x00007ff898f20000 - 0x00007ff898f47000 	C:\Users\AEVAWEB\.gradle\native\e1d6ef7f7dcc3fd88c89a11ec53ec762bb8ba0a96d01ffa2cd45eb1d1d8dd5c5\windows-amd64\native-platform.dll
0x00007ff900360000 - 0x00007ff90036a000 	C:\Users\AEVAWEB\.vscode\extensions\redhat.java-1.52.0-win32-x64\jre\21.0.9-win32-x86_64\bin\management.dll
0x00007ff900350000 - 0x00007ff90035c000 	C:\Users\AEVAWEB\.vscode\extensions\redhat.java-1.52.0-win32-x64\jre\21.0.9-win32-x86_64\bin\management_ext.dll
0x00007ff901bb0000 - 0x00007ff901bb8000 	C:\WINDOWS\system32\wshunix.dll

JVMTI agents:
c:\Users\AEVAWEB\.vscode\extensions\redhat.java-1.52.0-win32-x64\lombok\lombok-1.18.39-4050.jar path:c:\Users\AEVAWEB\.vscode\extensions\redhat.java-1.52.0-win32-x64\jre\21.0.9-win32-x86_64\bin\instrument.dll, loaded, initialized, instrumentlib options:none

dbghelp: loaded successfully - version: 4.0.5 - missing functions: none
symbol engine: initialized successfully - sym options: 0x614 - pdb path: .;c:\Users\AEVAWEB\.vscode\extensions\redhat.java-1.52.0-win32-x64\jre\21.0.9-win32-x86_64\bin;C:\WINDOWS\SYSTEM32;C:\WINDOWS\WinSxS\amd64_microsoft.windows.common-controls_6595b64144ccf1df_6.0.22621.6060_none_2712eda17382d24b;c:\Users\AEVAWEB\.vscode\extensions\redhat.java-1.52.0-win32-x64\jre\21.0.9-win32-x86_64\bin\server;C:\Users\AEVAWEB\AppData\Roaming\Code\User\globalStorage\redhat.java\1.52.0\config_win\org.eclipse.equinox.launcher\org.eclipse.equinox.launcher.win32.win32.x86_64_1.2.1500.v20260121-1430;C:\Users\AEVAWEB\AppData\Local\Temp\jna--384946427;C:\Users\AEVAWEB\.gradle\native\e1d6ef7f7dcc3fd88c89a11ec53ec762bb8ba0a96d01ffa2cd45eb1d1d8dd5c5\windows-amd64

VM Arguments:
jvm_args: --add-modules=ALL-SYSTEM --add-opens=java.base/java.util=ALL-UNNAMED --add-opens=java.base/java.lang=ALL-UNNAMED --add-opens=java.base/sun.nio.fs=ALL-UNNAMED -Declipse.application=org.eclipse.jdt.ls.core.id1 -Dosgi.bundles.defaultStartLevel=4 -Declipse.product=org.eclipse.jdt.ls.core.product -Djava.import.generatesMetadataFilesAtProjectRoot=false -DDetectVMInstallationsJob.disabled=true -Dfile.encoding=utf8 -XX:+UseParallelGC -XX:GCTimeRatio=4 -XX:AdaptiveSizePolicyWeight=90 -Dsun.zip.disableMemoryMapping=true -Xmx2G -Xms100m -Xlog:disable -javaagent:c:\Users\AEVAWEB\.vscode\extensions\redhat.java-1.52.0-win32-x64\lombok\lombok-1.18.39-4050.jar -XX:+HeapDumpOnOutOfMemoryError -XX:HeapDumpPath=c:\Users\AEVAWEB\AppData\Roaming\Code\User\workspaceStorage\f78550a7589d67632189bead6bb94e76\redhat.java -Daether.dependencyCollector.impl=bf 
java_command: c:\Users\AEVAWEB\.vscode\extensions\redhat.java-1.52.0-win32-x64\server\plugins\org.eclipse.equinox.launcher_1.7.100.v20251111-0406.jar -configuration c:\Users\AEVAWEB\AppData\Roaming\Code\User\globalStorage\redhat.java\1.52.0\config_win -data c:\Users\AEVAWEB\AppData\Roaming\Code\User\workspaceStorage\f78550a7589d67632189bead6bb94e76\redhat.java\jdt_ws --pipe=\\.\pipe\lsp-227711a0e0422cd20604d0fa6411e87a-sock
java_class_path (initial): c:\Users\AEVAWEB\.vscode\extensions\redhat.java-1.52.0-win32-x64\server\plugins\org.eclipse.equinox.launcher_1.7.100.v20251111-0406.jar
Launcher Type: SUN_STANDARD

[Global flags]
    uintx AdaptiveSizePolicyWeight                 = 90                                        {product} {command line}
     intx CICompilerCount                          = 4                                         {product} {ergonomic}
    uintx GCTimeRatio                              = 4                                         {product} {command line}
     bool HeapDumpOnOutOfMemoryError               = true                                   {manageable} {command line}
    ccstr HeapDumpPath                             = c:\Users\AEVAWEB\AppData\Roaming\Code\User\workspaceStorage\f78550a7589d67632189bead6bb94e76\redhat.java         {manageable} {command line}
   size_t InitialHeapSize                          = 104857600                                 {product} {command line}
   size_t MaxHeapSize                              = 2147483648                                {product} {command line}
   size_t MaxNewSize                               = 715653120                                 {product} {ergonomic}
   size_t MinHeapDeltaBytes                        = 524288                                    {product} {ergonomic}
   size_t MinHeapSize                              = 104857600                                 {product} {command line}
   size_t NewSize                                  = 34603008                                  {product} {ergonomic}
    uintx NonNMethodCodeHeapSize                   = 5839372                                {pd product} {ergonomic}
    uintx NonProfiledCodeHeapSize                  = 122909434                              {pd product} {ergonomic}
   size_t OldSize                                  = 70254592                                  {product} {ergonomic}
    uintx ProfiledCodeHeapSize                     = 122909434                              {pd product} {ergonomic}
    uintx ReservedCodeCacheSize                    = 251658240                              {pd product} {ergonomic}
     bool SegmentedCodeCache                       = true                                      {product} {ergonomic}
   size_t SoftMaxHeapSize                          = 2147483648                             {manageable} {ergonomic}
     bool UseCompressedOops                        = true                           {product lp64_product} {ergonomic}
     bool UseLargePagesIndividualAllocation        = false                                  {pd product} {ergonomic}
     bool UseParallelGC                            = true                                      {product} {command line}

Logging:
Log output configuration:
 #0: stdout all=off uptime,level,tags foldmultilines=false
 #1: stderr all=off uptime,level,tags foldmultilines=false

Release file:
JAVA_VERSION="21.0.9" 
MODULES="java.base java.compiler java.datatransfer java.xml java.prefs java.desktop java.instrument java.logging java.management java.security.sasl java.naming java.rmi java.management.rmi java.net.http java.scripting java.security.jgss java.transaction.xa java.sql java.sql.rowset java.xml.crypto java.se java.smartcardio jdk.accessibility jdk.internal.jvmstat jdk.attach jdk.charsets jdk.internal.opt jdk.zipfs jdk.compiler jdk.crypto.ec jdk.crypto.cryptoki jdk.crypto.mscapi jdk.dynalink jdk.internal.ed jdk.editpad jdk.hotspot.agent jdk.httpserver jdk.internal.le jdk.internal.vm.ci jdk.internal.vm.compiler jdk.internal.vm.compiler.management jdk.jartool jdk.javadoc jdk.jcmd jdk.management jdk.management.agent jdk.jconsole jdk.jdeps jdk.jdwp.agent jdk.jdi jdk.jfr jdk.jshell jdk.jsobject jdk.jstatd jdk.localedata jdk.management.jfr jdk.naming.dns jdk.naming.rmi jdk.net jdk.nio.mapmode jdk.random jdk.sctp jdk.security.auth jdk.security.jgss jdk.unsupported jdk.unsupported.desktop jdk.xml.dom" 

Environment Variables:
JAVA_HOME=C:\Program Files\Java\jdk-17
PATH=C:\Program Files\Java\jdk-17;C:\Program Files\Common Files\Oracle\Java\javapath;C:\Program Files\OpenSSL-Win64\bin;C:\Program Files (x86)\Java\jdk1.8.0_73\bin;C:\ProgramData\Oracle\Java\javapath;C:\WINDOWS\system32;C:\WINDOWS;C:\WINDOWS\System32\Wbem;C:\WINDOWS\System32\WindowsPowerShell\v1.0\;C:\WINDOWS\System32\OpenSSH\;C:\Program Files\Git\cmd;C:\Program Files\IBM\SPSS\Statistics\25\JRE\bin;C:\Program Files\nodejs\;C:\ProgramData\chocolatey\bin;C:\Program Files\RabbitMQ Server\rabbitmq_server-4.2.1\sbin;C:\src\flutter\bin;C:\Users\AEVAWEB\Downloads\sonarqube-9.9.0.65466\sonarqube-9.9.0.65466\bin\windows-x86-64;C:\Users\AEVAWEB\AppData\Local\Programs\Python\Python311\Scripts\;C:\Users\AEVAWEB\AppData\Local\Programs\Python\Python311\;C:\Program Files\Java\jdk-17\bin;C:\Program Files\Java\jdk-17;C:\Program Files\Common Files\Oracle\Java\javapath;C:\Program Files\OpenSSL-Win64\bin;C:\Program Files (x86)\Java\jdk1.8.0_73\bin;C:\ProgramData\Oracle\Java\javapath;C:\WINDOWS\system32;C:\WINDOWS;C:\WINDOWS\System32\Wbem;C:\WINDOWS\System32\WindowsPowerShell\v1.0\;C:\WINDOWS\System32\OpenSSH\;C:\Program Files\Git\cmd;C:\Program Files\IBM\SPSS\Statistics\25\JRE\bin;C:\Program Files\nodejs\;C:\ProgramData\chocolatey\bin;C:\Program Files\RabbitMQ Server\rabbitmq_server-4.2.1\sbin;C:\src\flutter\bin;C:\Users\AEVAWEB\Downloads\sonarqube-9.9.0.65466\sonarqube-9.9.0.65466\bin\windows-x86-64;;C:\Users\AEVAWEB\AppData\Local\Programs\Microsoft VS Code\bin;C:\Users\AEVAWEB\AppData\Local\Microsoft\WindowsApps;
USERNAME=AEVAWEB
OS=Windows_NT
PROCESSOR_IDENTIFIER=Intel64 Family 6 Model 142 Stepping 12, GenuineIntel
TMP=C:\Users\AEVAWEB\AppData\Local\Temp
TEMP=C:\Users\AEVAWEB\AppData\Local\Temp




Periodic native trim disabled

---------------  S Y S T E M  ---------------

OS:
 Windows 11 , 64 bit Build 22621 (10.0.22621.5415)
OS uptime: 57 days 16:54 hours

CPU: total 8 (initial active 8) (4 cores per cpu, 2 threads per core) family 6 model 142 stepping 12 microcode 0xde, cx8, cmov, fxsr, ht, mmx, 3dnowpref, sse, sse2, sse3, ssse3, sse4.1, sse4.2, popcnt, lzcnt, tsc, tscinvbit, avx, avx2, aes, erms, clmul, bmi1, bmi2, adx, fma, vzeroupper, clflush, clflushopt, rdtscp, f16c
Processor Information for processor 0
  Max Mhz: 2112, Current Mhz: 1508, Mhz Limit: 1900
Processor Information for processor 1
  Max Mhz: 2112, Current Mhz: 1910, Mhz Limit: 1900
Processor Information for processor 2
  Max Mhz: 2112, Current Mhz: 1910, Mhz Limit: 1900
Processor Information for processor 3
  Max Mhz: 2112, Current Mhz: 1508, Mhz Limit: 1900
Processor Information for processor 4
  Max Mhz: 2112, Current Mhz: 1910, Mhz Limit: 1900
Processor Information for processor 5
  Max Mhz: 2112, Current Mhz: 1910, Mhz Limit: 1900
Processor Information for processor 6
  Max Mhz: 2112, Current Mhz: 1910, Mhz Limit: 1900
Processor Information for processor 7
  Max Mhz: 2112, Current Mhz: 1508, Mhz Limit: 1900

Memory: 4k page, system-wide physical 16194M (1762M free)
TotalPageFile size 46363M (AvailPageFile size 2091M)
current process WorkingSet (physical memory assigned to process): 9M, peak: 1154M
current process commit charge ("private bytes"): 939M, peak: 1816M

vm_info: OpenJDK 64-Bit Server VM (21.0.9+10-LTS) for windows-amd64 JRE (21.0.9+10-LTS), built on 2025-10-21T00:00:00Z by "admin" with unknown MS VC++:1942

END.
